Archive member included because of file (symbol)

/opt/RI-2020.4-linux/aw_axi_cfg0/xtensa-elf/lib//libxtutil.a(xt_printf.o)
                              kernel/obj-in.o (xt_printf)
/opt/RI-2020.4-linux/aw_axi_cfg0/xtensa-elf/lib//libxtutil.a(xt_vprint.o)
                              /opt/RI-2020.4-linux/aw_axi_cfg0/xtensa-elf/lib//libxtutil.a(xt_printf.o) (_xt_vprint)
/opt/RI-2020.4-linux/aw_axi_cfg0/xtensa-elf/lib//libxtutil.a(xt_output.o)
                              /opt/RI-2020.4-linux/aw_axi_cfg0/xtensa-elf/lib//libxtutil.a(xt_printf.o) (_xt_output)
/opt/RI-2020.4-linux/aw_axi_cfg0/xtensa-elf/lib/xcc//libgcc.a(_udivdi3.o)
                              drivers/obj-in.o (__udivdi3)
/opt/RI-2020.4-linux/aw_axi_cfg0/xtensa-elf/lib//libc.a(free.o)
                              projects/obj-in.o (free)
/opt/RI-2020.4-linux/aw_axi_cfg0/xtensa-elf/lib//libc.a(malloc.o)
                              /opt/RI-2020.4-linux/aw_axi_cfg0/xtensa-elf/lib//libc.a(free.o) (_Aldata)
/opt/RI-2020.4-linux/aw_axi_cfg0/xtensa-elf/lib//libc.a(memchr.o)
                              projects/obj-in.o (memchr)
/opt/RI-2020.4-linux/aw_axi_cfg0/xtensa-elf/lib//libc.a(memmove.o)
                              projects/obj-in.o (memmove)
/opt/RI-2020.4-linux/aw_axi_cfg0/xtensa-elf/lib//libc.a(printf.o)
                              projects/obj-in.o (printf)
/opt/RI-2020.4-linux/aw_axi_cfg0/xtensa-elf/lib//libc.a(snprintf.o)
                              components/obj-in.o (snprintf)
/opt/RI-2020.4-linux/aw_axi_cfg0/xtensa-elf/lib//libc.a(sprintf.o)
                              kernel/obj-in.o (sprintf)
/opt/RI-2020.4-linux/aw_axi_cfg0/xtensa-elf/lib//libc.a(strcat.o)
                              components/obj-in.o (strcat)
/opt/RI-2020.4-linux/aw_axi_cfg0/xtensa-elf/lib//libc.a(strncat.o)
                              components/obj-in.o (strncat)
/opt/RI-2020.4-linux/aw_axi_cfg0/xtensa-elf/lib//libc.a(strncmp.o)
                              components/obj-in.o (strncmp)
/opt/RI-2020.4-linux/aw_axi_cfg0/xtensa-elf/lib//libc.a(xfiles.o)
                              /opt/RI-2020.4-linux/aw_axi_cfg0/xtensa-elf/lib//libc.a(printf.o) (_Stdout)
/opt/RI-2020.4-linux/aw_axi_cfg0/xtensa-elf/lib//libc.a(xgetmem.o)
                              /opt/RI-2020.4-linux/aw_axi_cfg0/xtensa-elf/lib//libc.a(malloc.o) (_Getmem)
/opt/RI-2020.4-linux/aw_axi_cfg0/xtensa-elf/lib//libc.a(xprintf.o)
                              /opt/RI-2020.4-linux/aw_axi_cfg0/xtensa-elf/lib//libc.a(printf.o) (_Printf)
/opt/RI-2020.4-linux/aw_axi_cfg0/xtensa-elf/lib//libc.a(xputfld.o)
                              /opt/RI-2020.4-linux/aw_axi_cfg0/xtensa-elf/lib//libc.a(xprintf.o) (_Putfld)
/opt/RI-2020.4-linux/aw_axi_cfg0/xtensa-elf/lib//libc.a(xputstr.o)
                              /opt/RI-2020.4-linux/aw_axi_cfg0/xtensa-elf/lib//libc.a(xputfld.o) (_Putstr)
/opt/RI-2020.4-linux/aw_axi_cfg0/xtensa-elf/lib//libc.a(xputtxt.o)
                              /opt/RI-2020.4-linux/aw_axi_cfg0/xtensa-elf/lib//libc.a(xprintf.o) (_Puttxt)
/opt/RI-2020.4-linux/aw_axi_cfg0/xtensa-elf/lib//libc.a(xstate.o)
                              /opt/RI-2020.4-linux/aw_axi_cfg0/xtensa-elf/lib//libc.a(xputstr.o) (_Getmbcurmax)
/opt/RI-2020.4-linux/aw_axi_cfg0/xtensa-elf/lib//libc.a(xstoul.o)
                              components/obj-in.o (_Stoul)
/opt/RI-2020.4-linux/aw_axi_cfg0/xtensa-elf/lib//libc.a(xsyslock.o)
                              /opt/RI-2020.4-linux/aw_axi_cfg0/xtensa-elf/lib//libc.a(printf.o) (_Lockfilelock)
/opt/RI-2020.4-linux/aw_axi_cfg0/xtensa-elf/lib//libc.a(xtolotab.o)
                              /opt/RI-2020.4-linux/aw_axi_cfg0/xtensa-elf/lib//libc.a(xstoul.o) (_Getptolower)
/opt/RI-2020.4-linux/aw_axi_cfg0/xtensa-elf/lib//libc.a(xvacopy.o)
                              /opt/RI-2020.4-linux/aw_axi_cfg0/xtensa-elf/lib//libc.a(xprintf.o) (_Vacopy)
/opt/RI-2020.4-linux/aw_axi_cfg0/xtensa-elf/lib//libc.a(xwctomb.o)
                              /opt/RI-2020.4-linux/aw_axi_cfg0/xtensa-elf/lib//libc.a(xputstr.o) (_Wctomb)
/opt/RI-2020.4-linux/aw_axi_cfg0/xtensa-elf/lib//libc.a(xfail_s.o)
                              /opt/RI-2020.4-linux/aw_axi_cfg0/xtensa-elf/lib//libc.a(xputfld.o) (_Fail_s)
/opt/RI-2020.4-linux/aw_axi_cfg0/xtensa-elf/lib//libc.a(sbrk.o)
                              /opt/RI-2020.4-linux/aw_axi_cfg0/xtensa-elf/lib//libc.a(xgetmem.o) (sbrk)
/opt/RI-2020.4-linux/aw_axi_cfg0/xtensa-elf/lib//libc.a(clibrary_init.o)
                              /opt/RI-2020.4-linux/aw_axi_cfg0/xtensa-elf/arch/lib/crt1-boards.o (__clibrary_init)
/opt/RI-2020.4-linux/aw_axi_cfg0/xtensa-elf/lib//libc.a(xtensa_exit.o)
                              /opt/RI-2020.4-linux/aw_axi_cfg0/xtensa-elf/arch/lib/crt1-boards.o (exit)
/opt/RI-2020.4-linux/aw_axi_cfg0/xtensa-elf/lib//libc.a(getopt.o)
                              components/obj-in.o (optarg)
/opt/RI-2020.4-linux/aw_axi_cfg0/xtensa-elf/lib//libc.a(reent.o)
                              kernel/obj-in.o (_init_reent)
[...]
Memory Configuration

Name             Origin          Length          Used            Unused          Attributes
iram0_0_seg      0x00400000      0x00000660      0x000003b0      0x000002b0      
iram0_1_seg      0x00400660      0x000009a0      0x0000016c      0x00000834      
iram0_2_seg      0x00401000      0x0000017c      0x00000170      0x0000000c      
iram0_3_seg      0x0040117c      0x00000020      0x00000010      0x00000010      
iram0_4_seg      0x0040119c      0x00000020      0x00000010      0x00000010      
iram0_5_seg      0x004011bc      0x00000020      0x00000010      0x00000010      
iram0_6_seg      0x004011dc      0x00000020      0x00000010      0x00000010      
iram0_7_seg      0x004011fc      0x00000020      0x00000010      0x00000010      
iram0_8_seg      0x0040121c      0x00000020      0x00000010      0x00000010      
iram0_9_seg      0x0040123c      0x0000edc4      0x0000000c      0x0000edb8      
dram0_0_seg      0x00420000      0x00008000      0x00000000      0x00008000      
dram1_0_seg      0x00440000      0x00008000      0x00000000      0x00008000      
ddr1_0_seg       0x32000000      0x00100000      0x000678e0      0x00098720      
*default*        0x00000000      0xffffffff      
